PLINK v1.90b6.21 64-bit (19 Oct 2020)
Options in effect:
  --exclude HWE_out.txt
  --file GWAS_clean3
  --out GWAS_clean4
  --recode

Hostname: c0115
Working directory: /data/user/home/smith52/mcdonald-rotation/gwas-tutorial/leal/cleaning
Start time: Thu Aug 21 09:27:11 2025

Random number seed: 1755786431
192039 MB RAM detected; reserving 96019 MB for main workspace.
Scanning .ped file... done.
Performing single-pass .bed write (6363 variants, 244 people).
--file: GWAS_clean4-temporary.bed + GWAS_clean4-temporary.bim +
GWAS_clean4-temporary.fam written.
6363 variants loaded from .bim file.
244 people (123 males, 121 females) loaded from .fam.
--exclude: 6362 variants remaining.
Using 1 thread (no multithreaded calculations invoked).
Before main variant filters, 244 founders and 0 nonfounders present.
Calculating allele frequencies... done.
Warning: 6 het. haploid genotypes present (see GWAS_clean4.hh ); many commands
treat these as missing.
Total genotyping rate is 0.997229.
6362 variants and 244 people pass filters and QC.
Note: No phenotypes present.
--recode ped to GWAS_clean4.ped + GWAS_clean4.map ... done.

End time: Thu Aug 21 09:27:11 2025
