PLINK v1.90b6.21 64-bit (19 Oct 2020)
Options in effect:
  --file GWAS_clean2
  --genome
  --out duplicates

Hostname: c0117
Working directory: /data/user/home/smith52/GWAS-Tutorial/leal/cleaning
Start time: Wed Aug 20 15:55:29 2025

Random number seed: 1755723329
192039 MB RAM detected; reserving 96019 MB for main workspace.
Scanning .ped file... done.
Performing single-pass .bed write (6363 variants, 247 people).
--file: duplicates-temporary.bed + duplicates-temporary.bim +
duplicates-temporary.fam written.
6363 variants loaded from .bim file.
247 people (125 males, 122 females) loaded from .fam.
Using up to 23 threads (change this with --threads).
Before main variant filters, 247 founders and 0 nonfounders present.
Calculating allele frequencies... done.
Warning: 6 het. haploid genotypes present (see duplicates.hh ); many commands
treat these as missing.
Total genotyping rate is 0.99716.
6363 variants and 247 people pass filters and QC.
Note: No phenotypes present.
Excluding 186 variants on non-autosomes from IBD calculation.
IBD calculations complete.
Finished writing duplicates.genome .

End time: Wed Aug 20 15:55:29 2025
