PLINK v1.90b6.21 64-bit (19 Oct 2020)
Options in effect:
  --file GWAS_clean2
  --out GWAS_clean3
  --recode
  --remove IBS_excluded.txt

Hostname: c0115
Working directory: /data/user/home/smith52/mcdonald-rotation/gwas-tutorial/leal/cleaning
Start time: Thu Aug 21 08:44:03 2025

Random number seed: 1755783843
192039 MB RAM detected; reserving 96019 MB for main workspace.
Scanning .ped file... done.
Performing single-pass .bed write (6363 variants, 247 people).
--file: GWAS_clean3-temporary.bed + GWAS_clean3-temporary.bim +
GWAS_clean3-temporary.fam written.
6363 variants loaded from .bim file.
247 people (125 males, 122 females) loaded from .fam.
--remove: 244 people remaining.
Using 1 thread (no multithreaded calculations invoked).
Before main variant filters, 244 founders and 0 nonfounders present.
Calculating allele frequencies... done.
Warning: 6 het. haploid genotypes present (see GWAS_clean3.hh ); many commands
treat these as missing.
Total genotyping rate in remaining samples is 0.997225.
6363 variants and 244 people pass filters and QC.
Note: No phenotypes present.
--recode ped to GWAS_clean3.ped + GWAS_clean3.map ... done.

End time: Thu Aug 21 08:44:03 2025
