PLINK v1.90b6.21 64-bit (19 Oct 2020)
Options in effect:
  --file GWAS_MAF_clean
  --mind 0.03
  --out GWAS_clean2
  --recode

Hostname: c0189
Working directory: /data/user/home/smith52/GWAS-Tutorial/leal/cleaning
Start time: Wed Aug 20 13:37:22 2025

Random number seed: 1755715042
772506 MB RAM detected; reserving 386253 MB for main workspace.
Scanning .ped file... done.
Performing single-pass .bed write (6363 variants, 247 people).
--file: GWAS_clean2-temporary.bed + GWAS_clean2-temporary.bim +
GWAS_clean2-temporary.fam written.
6363 variants loaded from .bim file.
247 people (125 males, 122 females) loaded from .fam.
0 people removed due to missing genotype data (--mind).
Using 1 thread (no multithreaded calculations invoked).
Before main variant filters, 247 founders and 0 nonfounders present.
Calculating allele frequencies... done.
Warning: 6 het. haploid genotypes present (see GWAS_clean2.hh ); many commands
treat these as missing.
Total genotyping rate is 0.99716.
6363 variants and 247 people pass filters and QC.
Note: No phenotypes present.
--recode ped to GWAS_clean2.ped + GWAS_clean2.map ... done.

End time: Wed Aug 20 13:37:22 2025
