PLINK v1.90b6.21 64-bit (19 Oct 2020)
Options in effect:
  --file MAF_greater_5
  --geno 0.05
  --out MAF_greater_5_clean
  --recode

Hostname: c0189
Working directory: /data/user/home/smith52/GWAS-Tutorial/leal/cleaning
Start time: Wed Aug 20 13:22:42 2025

Random number seed: 1755714162
772506 MB RAM detected; reserving 386253 MB for main workspace.
Scanning .ped file... done.
Performing single-pass .bed write (5868 variants, 247 people).
--file: MAF_greater_5_clean-temporary.bed + MAF_greater_5_clean-temporary.bim +
MAF_greater_5_clean-temporary.fam written.
5868 variants loaded from .bim file.
247 people (125 males, 122 females) loaded from .fam.
Using 1 thread (no multithreaded calculations invoked).
Before main variant filters, 247 founders and 0 nonfounders present.
Calculating allele frequencies... done.
Warning: 6 het. haploid genotypes present (see MAF_greater_5_clean.hh ); many
commands treat these as missing.
Total genotyping rate is 0.996858.
2 variants removed due to missing genotype data (--geno).
5866 variants and 247 people pass filters and QC.
Note: No phenotypes present.
--recode ped to MAF_greater_5_clean.ped + MAF_greater_5_clean.map ... done.

End time: Wed Aug 20 13:22:43 2025
